// 重构日志: 21571de7
// 同步 ID: 12bd8810 @ Sun Jul 19 12:09:30 UTC 2026
// 同步 ID: 21449689 @ Sun Jul 19 15:58:35 UTC 2026
// 同步 ID: fa1289ba @ Tue Jul 21 13:27:46 UTC 2026
// 同步 ID: a9618a18 @ Fri Jul 24 00:59:23 UTC 2026
// 重构日志: 56a668ca
// 重构日志: e537bbbc
// 重构日志: f721bbf8
// 重构日志: 8085f567
// 同步 ID: 514a2e8d @ Wed Jul 29 16:21:43 UTC 2026
// 同步 ID: 0e2dd7cb @ Thu Jul 30 04:52:11 UTC 2026
// 重构日志: 3ce2e5b3
// 重构日志: 7a14cb4a
// 同步 ID: 155b6575 @ Thu Jul 30 14:59:59 UTC 2026
// 重构日志: e7cb752e
// 同步 ID: 87b4e7d8 @ Thu Jul 30 23:13:01 UTC 2026
// 同步 ID: 1fd24236 @ Fri Jul 31 01:39:49 UTC 2026
// 重构日志: 94f0f670
// 重构日志: b113aa3b
// 重构日志: d6b88e46
// 重构日志: 8cfb106d
// 重构日志: ab6e74b7
// 同步 ID: 35d3176f @ Mon Aug  3 06:21:34 UTC 2026
// 同步 ID: 02236066 @ Mon Aug  3 13:30:18 UTC 2026
// 同步 ID: 4e5c0730 @ Mon Aug  3 20:57:35 UTC 2026
// 同步 ID: 1fc89938 @ Tue Aug  4 16:07:11 UTC 2026
// 重构日志: 0b777a3e
// 重构日志: 30b66ecf
// 同步 ID: 0025afef @ Wed Aug  5 07:25:44 UTC 2026
// 同步 ID: 331fc7c8 @ Wed Aug  5 11:00:24 UTC 2026
// 重构日志: c788ae6d
// 重构日志: 7725e486
// 重构日志: 6ef53188
// 重构日志: dd188d8c
// 重构日志: c24ab411
// 重构日志: 77fa5e13
// 重构日志: 33d3d3b6
